// Jest Snapshot v1, https://goo.gl/fbAQLP

exports[`<StudentGrade /> renders as expected 1`] = `
Array [
  <div
    className="sc-AxirZ HJAhU"
  >
    <div
      className="wrap"
    >
      <div
        className="userInfo"
      >
        <div
          className="prof-img"
        >
          <img
            alt="something that looks like you"
            onError={[Function]}
            src="defaultImg.png"
          />
        </div>
        <p
          className="user-name"
        />
        <p
          className="user-type"
        />
      </div>
      <div
        className="links"
      />
    </div>
  </div>,
  <div
    className="sc-AxiKw jTnPWd"
  >
    <div
      className="wrap"
    >
      <h2
        className="page-title"
      >
        Assignment Grade
      </h2>
      <div
        className="sc-AxjAm chtHDt"
      >
        <div
          className="error-message"
        />
      </div>
      <select
        onChange={[Function]}
      >
        <option>
           Select An Assignment
        </option>
      </select>
    </div>
  </div>,
]
`;
